// Jest Snapshot v1, https://goo.gl/fbAQLP

exports[`Proxy endpoint create a DB proxy from an instance 1`] = `
"{
  "data": {
    "aws_availability_zones": {
      "AvailabilityZones": {
        "provider": "aws"
      }
    },
    "aws_caller_identity": {
      "CallerIdentity": {
        "provider": "aws"
      }
    },
    "aws_iam_policy_document": {
      "Proxy_IAMRole_AssumeRolePolicy_308A029B": {
        "statement": [
          {
            "actions": [
              "sts:AssumeRole"
            ],
            "effect": "Allow",
            "principals": [
              {
                "identifiers": [
                  "\${data.aws_service_principal.aws_svcp_default_region_rds.name}"
                ],
                "type": "Service"
              }
            ]
          }
        ]
      },
      "Proxy_IAMRole_DefaultPolicy_2BA59AB7": {
        "statement": [
          {
            "actions": [
              "secretsmanager:GetSecretValue",
              "secretsmanager:DescribeSecret"
            ],
            "effect": "Allow",
            "resources": [
              "\${aws_secretsmanager_secret.Instance_Secret_478E0A47.arn}"
            ]
          }
        ]
      }
    },
    "aws_partition": {
      "Partitition": {
        "provider": "aws"
      }
    },
    "aws_secretsmanager_random_password": {
      "Instance_Secret_RandomPassword_930AA29C": {
        "exclude_characters": " %+~\`#$&*()|[]{}:;<>?!'/@\\"\\\\",
        "exclude_lowercase": false,
        "exclude_numbers": false,
        "exclude_punctuation": false,
        "exclude_uppercase": false,
        "include_space": false,
        "password_length": 30,
        "require_each_included_type": true
      }
    },
    "aws_service_principal": {
      "aws_svcp_default_region_rds": {
        "service_name": "rds"
      }
    }
  },
  "provider": {
    "aws": [
      {
        "region": "us-east-1"
      }
    ]
  },
  "resource": {
    "aws_db_instance": {
      "Instance_C1063A87": {
        "allocated_storage": 100,
        "copy_tags_to_snapshot": true,
        "db_subnet_group_name": "\${aws_db_subnet_group.Instance_SubnetGroup_F2CBA54F.name}",
        "engine": "mysql",
        "engine_version": "8.4.5",
        "identifier": "mystackinstancec8b5f353",
        "instance_class": "db.m5.large",
        "lifecycle": {
          "ignore_changes": [
            "password"
          ]
        },
        "password": "\${data.aws_secretsmanager_random_password.Instance_Secret_RandomPassword_930AA29C.random_password}",
        "storage_type": "gp2",
        "tags": {
          "Name": "Test-Instance",
          "grid:EnvironmentName": "Test",
          "grid:UUID": "a123e4567-e89b-12d3"
        },
        "username": "admin",
        "vpc_security_group_ids": [
          "\${aws_security_group.Instance_SecurityGroup_B4E5FA83.id}"
        ]
      }
    },
    "aws_db_proxy": {
      "Proxy_CB0DFB71": {
        "auth": [
          {
            "auth_scheme": "SECRETS",
            "iam_auth": "DISABLED",
            "secret_arn": "\${aws_secretsmanager_secret.Instance_Secret_478E0A47.arn}"
          }
        ],
        "engine_family": "MYSQL",
        "name": "mystackproxy142a6b29",
        "require_tls": true,
        "role_arn": "\${aws_iam_role.Proxy_IAMRole_2FE8AB0F.arn}",
        "tags": {
          "Name": "Test-Proxy",
          "grid:EnvironmentName": "Test",
          "grid:UUID": "a123e4567-e89b-12d3"
        },
        "vpc_security_group_ids": [
          "\${aws_security_group.Proxy_ProxySecurityGroup_C42FC3CE.id}"
        ],
        "vpc_subnet_ids": [
          "\${aws_subnet.VPC_PrivateSubnet1_05F5A6DA.id}",
          "\${aws_subnet.VPC_PrivateSubnet2_8C0AEF3A.id}"
        ]
      }
    },
    "aws_db_proxy_default_target_group": {
      "Proxy_ProxyTargetGroup_B462B5C5": {
        "db_proxy_name": "\${aws_db_proxy.Proxy_CB0DFB71.name}",
        "depends_on": [
          "aws_db_proxy.Proxy_CB0DFB71"
        ]
      }
    },
    "aws_db_proxy_endpoint": {
      "ProxyEndpoint_A881902B": {
        "db_proxy_endpoint_name": "mystackproxyendpoint3a2da0ab",
        "db_proxy_name": "\${aws_db_proxy.Proxy_CB0DFB71.name}",
        "tags": {
          "Name": "Test-ProxyEndpoint",
          "grid:EnvironmentName": "Test",
          "grid:UUID": "a123e4567-e89b-12d3"
        },
        "vpc_subnet_ids": [
          "\${aws_subnet.VPC_PrivateSubnet1_05F5A6DA.id}",
          "\${aws_subnet.VPC_PrivateSubnet2_8C0AEF3A.id}"
        ]
      }
    },
    "aws_db_proxy_target": {
      "Proxy_ProxyTarget_4D257DB1": {
        "db_instance_identifier": "\${aws_db_instance.Instance_C1063A87.identifier}",
        "db_proxy_name": "\${aws_db_proxy.Proxy_CB0DFB71.name}",
        "depends_on": [
          "aws_db_proxy_default_target_group.Proxy_ProxyTargetGroup_B462B5C5"
        ],
        "target_group_name": "default"
      }
    },
    "aws_db_subnet_group": {
      "Instance_SubnetGroup_F2CBA54F": {
        "description": "Subnet group for Instance database",
        "name": "mystackinstancesubnetgroup4dc37c5c",
        "subnet_ids": [
          "\${aws_subnet.VPC_PrivateSubnet1_05F5A6DA.id}",
          "\${aws_subnet.VPC_PrivateSubnet2_8C0AEF3A.id}"
        ],
        "tags": {
          "Name": "Test-Instance",
          "grid:EnvironmentName": "Test",
          "grid:UUID": "a123e4567-e89b-12d3"
        }
      }
    },
    "aws_eip": {
      "VPC_PublicSubnet1_EIP_6AD938E8": {
        "domain": "vpc",
        "tags": {
          "Name": "MyStack/VPC/PublicSubnet1",
          "grid:EnvironmentName": "Test",
          "grid:UUID": "a123e4567-e89b-12d3"
        }
      },
      "VPC_PublicSubnet2_EIP_4947BC00": {
        "domain": "vpc",
        "tags": {
          "Name": "MyStack/VPC/PublicSubnet2",
          "grid:EnvironmentName": "Test",
          "grid:UUID": "a123e4567-e89b-12d3"
        }
      }
    },
    "aws_iam_role": {
      "Proxy_IAMRole_2FE8AB0F": {
        "assume_role_policy": "\${data.aws_iam_policy_document.Proxy_IAMRole_AssumeRolePolicy_308A029B.json}",
        "name_prefix": "a123e4567-e89b-12d3MyStackProxyIAMRole",
        "tags": {
          "Name": "Test-Proxy",
          "grid:EnvironmentName": "Test",
          "grid:UUID": "a123e4567-e89b-12d3"
        }
      }
    },
    "aws_iam_role_policy": {
      "Proxy_IAMRole_DefaultPolicy_ResourceRoles0_09CC7916": {
        "name": "MyStackProxyIAMRoleDefaultPolicy53F763CA",
        "policy": "\${data.aws_iam_policy_document.Proxy_IAMRole_DefaultPolicy_2BA59AB7.json}",
        "role": "\${aws_iam_role.Proxy_IAMRole_2FE8AB0F.name}"
      }
    },
    "aws_internet_gateway": {
      "VPC_IGW_B7E252D3": {
        "tags": {
          "Name": "MyStack/VPC",
          "grid:EnvironmentName": "Test",
          "grid:UUID": "a123e4567-e89b-12d3"
        }
      }
    },
    "aws_internet_gateway_attachment": {
      "VPC_VPCGW_99B986DC": {
        "internet_gateway_id": "\${aws_internet_gateway.VPC_IGW_B7E252D3.id}",
        "vpc_id": "\${aws_vpc.VPC_B9E5F0B4.id}"
      }
    },
    "aws_nat_gateway": {
      "VPC_PublicSubnet1_NATGateway_E0556630": {
        "allocation_id": "\${aws_eip.VPC_PublicSubnet1_EIP_6AD938E8.allocation_id}",
        "depends_on": [
          "aws_route_table_association.VPC_PublicSubnet1_RouteTableAssociation_0B0896DC",
          "aws_route.VPC_PublicSubnet1_DefaultRoute_91CEF279"
        ],
        "subnet_id": "\${aws_subnet.VPC_PublicSubnet1_0D1B5E48.id}",
        "tags": {
          "Name": "MyStack/VPC/PublicSubnet1",
          "grid:EnvironmentName": "Test",
          "grid:UUID": "a123e4567-e89b-12d3"
        }
      },
      "VPC_PublicSubnet2_NATGateway_3C070193": {
        "allocation_id": "\${aws_eip.VPC_PublicSubnet2_EIP_4947BC00.allocation_id}",
        "depends_on": [
          "aws_route_table_association.VPC_PublicSubnet2_RouteTableAssociation_5A808732",
          "aws_route.VPC_PublicSubnet2_DefaultRoute_B7481BBA"
        ],
        "subnet_id": "\${aws_subnet.VPC_PublicSubnet2_E52FD57B.id}",
        "tags": {
          "Name": "MyStack/VPC/PublicSubnet2",
          "grid:EnvironmentName": "Test",
          "grid:UUID": "a123e4567-e89b-12d3"
        }
      }
    },
    "aws_route": {
      "VPC_PrivateSubnet1_DefaultRoute_AE1D6490": {
        "destination_cidr_block": "0.0.0.0/0",
        "nat_gateway_id": "\${aws_nat_gateway.VPC_PublicSubnet1_NATGateway_E0556630.id}",
        "route_table_id": "\${aws_route_table.VPC_PrivateSubnet1_RouteTable_BE8A6027.id}"
      },
      "VPC_PrivateSubnet2_DefaultRoute_F4F5CFD2": {
        "destination_cidr_block": "0.0.0.0/0",
        "nat_gateway_id": "\${aws_nat_gateway.VPC_PublicSubnet2_NATGateway_3C070193.id}",
        "route_table_id": "\${aws_route_table.VPC_PrivateSubnet2_RouteTable_0A19E10E.id}"
      },
      "VPC_PublicSubnet1_DefaultRoute_91CEF279": {
        "depends_on": [
          "aws_internet_gateway_attachment.VPC_VPCGW_99B986DC"
        ],
        "destination_cidr_block": "0.0.0.0/0",
        "gateway_id": "\${aws_internet_gateway.VPC_IGW_B7E252D3.id}",
        "route_table_id": "\${aws_route_table.VPC_PublicSubnet1_RouteTable_FEE4B781.id}"
      },
      "VPC_PublicSubnet2_DefaultRoute_B7481BBA": {
        "depends_on": [
          "aws_internet_gateway_attachment.VPC_VPCGW_99B986DC"
        ],
        "destination_cidr_block": "0.0.0.0/0",
        "gateway_id": "\${aws_internet_gateway.VPC_IGW_B7E252D3.id}",
        "route_table_id": "\${aws_route_table.VPC_PublicSubnet2_RouteTable_6F1A15F1.id}"
      }
    },
    "aws_route_table": {
      "VPC_PrivateSubnet1_RouteTable_BE8A6027": {
        "tags": {
          "Name": "MyStack/VPC/PrivateSubnet1",
          "grid:EnvironmentName": "Test",
          "grid:UUID": "a123e4567-e89b-12d3"
        },
        "vpc_id": "\${aws_vpc.VPC_B9E5F0B4.id}"
      },
      "VPC_PrivateSubnet2_RouteTable_0A19E10E": {
        "tags": {
          "Name": "MyStack/VPC/PrivateSubnet2",
          "grid:EnvironmentName": "Test",
          "grid:UUID": "a123e4567-e89b-12d3"
        },
        "vpc_id": "\${aws_vpc.VPC_B9E5F0B4.id}"
      },
      "VPC_PublicSubnet1_RouteTable_FEE4B781": {
        "tags": {
          "Name": "MyStack/VPC/PublicSubnet1",
          "grid:EnvironmentName": "Test",
          "grid:UUID": "a123e4567-e89b-12d3"
        },
        "vpc_id": "\${aws_vpc.VPC_B9E5F0B4.id}"
      },
      "VPC_PublicSubnet2_RouteTable_6F1A15F1": {
        "tags": {
          "Name": "MyStack/VPC/PublicSubnet2",
          "grid:EnvironmentName": "Test",
          "grid:UUID": "a123e4567-e89b-12d3"
        },
        "vpc_id": "\${aws_vpc.VPC_B9E5F0B4.id}"
      }
    },
    "aws_route_table_association": {
      "VPC_PrivateSubnet1_RouteTableAssociation_347902D1": {
        "route_table_id": "\${aws_route_table.VPC_PrivateSubnet1_RouteTable_BE8A6027.id}",
        "subnet_id": "\${aws_subnet.VPC_PrivateSubnet1_05F5A6DA.id}"
      },
      "VPC_PrivateSubnet2_RouteTableAssociation_0C73D413": {
        "route_table_id": "\${aws_route_table.VPC_PrivateSubnet2_RouteTable_0A19E10E.id}",
        "subnet_id": "\${aws_subnet.VPC_PrivateSubnet2_8C0AEF3A.id}"
      },
      "VPC_PublicSubnet1_RouteTableAssociation_0B0896DC": {
        "route_table_id": "\${aws_route_table.VPC_PublicSubnet1_RouteTable_FEE4B781.id}",
        "subnet_id": "\${aws_subnet.VPC_PublicSubnet1_0D1B5E48.id}"
      },
      "VPC_PublicSubnet2_RouteTableAssociation_5A808732": {
        "route_table_id": "\${aws_route_table.VPC_PublicSubnet2_RouteTable_6F1A15F1.id}",
        "subnet_id": "\${aws_subnet.VPC_PublicSubnet2_E52FD57B.id}"
      }
    },
    "aws_secretsmanager_secret": {
      "Instance_Secret_478E0A47": {
        "description": "Generated by the CDK for stack: MyStack",
        "name": "MyStackInstanceSecretF7BF4815",
        "tags": {
          "Name": "Test-Instance",
          "grid:EnvironmentName": "Test",
          "grid:UUID": "a123e4567-e89b-12d3"
        }
      }
    },
    "aws_secretsmanager_secret_version": {
      "Instance_Secret_SecretVersion_AE6914F2": {
        "lifecycle": {
          "ignore_changes": [
            "secret_string"
          ]
        },
        "secret_id": "\${aws_secretsmanager_secret.Instance_Secret_478E0A47.arn}",
        "secret_string": "\${jsonencode(merge(jsondecode(jsonencode({\\"username\\" = \\"admin\\", \\"password\\" = data.aws_secretsmanager_random_password.Instance_Secret_RandomPassword_930AA29C.random_password})), {\\"dbInstanceIdentifier\\" = aws_db_instance.Instance_C1063A87.identifier, \\"engine\\" = \\"mysql\\", \\"host\\" = aws_db_instance.Instance_C1063A87.address, \\"port\\" = aws_db_instance.Instance_C1063A87.port}))}"
      }
    },
    "aws_security_group": {
      "Instance_SecurityGroup_B4E5FA83": {
        "description": "Security group for Instance database",
        "egress": [
          {
            "cidr_blocks": [
              "0.0.0.0/0"
            ],
            "description": "Allow all outbound traffic by default",
            "from_port": 0,
            "ipv6_cidr_blocks": null,
            "prefix_list_ids": null,
            "protocol": "-1",
            "security_groups": null,
            "self": null,
            "to_port": 0
          }
        ],
        "name": "a123e4567-e89b-12d3MyStackInstanceSecurityGroup981C92B4",
        "tags": {
          "Name": "Test-Instance",
          "grid:EnvironmentName": "Test",
          "grid:UUID": "a123e4567-e89b-12d3"
        },
        "vpc_id": "\${aws_vpc.VPC_B9E5F0B4.id}"
      },
      "Proxy_ProxySecurityGroup_C42FC3CE": {
        "description": "SecurityGroup for Database Proxy",
        "egress": [
          {
            "cidr_blocks": [
              "0.0.0.0/0"
            ],
            "description": "Allow all outbound traffic by default",
            "from_port": 0,
            "ipv6_cidr_blocks": null,
            "prefix_list_ids": null,
            "protocol": "-1",
            "security_groups": null,
            "self": null,
            "to_port": 0
          }
        ],
        "name": "a123e4567-e89b-12d3MyStackProxyProxySecurityGroup7CCC817A",
        "tags": {
          "Name": "Test-Proxy",
          "grid:EnvironmentName": "Test",
          "grid:UUID": "a123e4567-e89b-12d3"
        },
        "vpc_id": "\${aws_vpc.VPC_B9E5F0B4.id}"
      }
    },
    "aws_subnet": {
      "VPC_PrivateSubnet1_05F5A6DA": {
        "availability_zone": "\${element(data.aws_availability_zones.AvailabilityZones.names, 0)}",
        "cidr_block": "10.0.128.0/18",
        "map_public_ip_on_launch": false,
        "tags": {
          "Name": "MyStack/VPC/PrivateSubnet1",
          "aws-cdk:subnet-name": "Private",
          "aws-cdk:subnet-type": "Private",
          "grid:EnvironmentName": "Test",
          "grid:UUID": "a123e4567-e89b-12d3"
        },
        "vpc_id": "\${aws_vpc.VPC_B9E5F0B4.id}"
      },
      "VPC_PrivateSubnet2_8C0AEF3A": {
        "availability_zone": "\${element(data.aws_availability_zones.AvailabilityZones.names, 1)}",
        "cidr_block": "10.0.192.0/18",
        "map_public_ip_on_launch": false,
        "tags": {
          "Name": "MyStack/VPC/PrivateSubnet2",
          "aws-cdk:subnet-name": "Private",
          "aws-cdk:subnet-type": "Private",
          "grid:EnvironmentName": "Test",
          "grid:UUID": "a123e4567-e89b-12d3"
        },
        "vpc_id": "\${aws_vpc.VPC_B9E5F0B4.id}"
      },
      "VPC_PublicSubnet1_0D1B5E48": {
        "availability_zone": "\${element(data.aws_availability_zones.AvailabilityZones.names, 0)}",
        "cidr_block": "10.0.0.0/18",
        "map_public_ip_on_launch": true,
        "tags": {
          "Name": "MyStack/VPC/PublicSubnet1",
          "aws-cdk:subnet-name": "Public",
          "aws-cdk:subnet-type": "Public",
          "grid:EnvironmentName": "Test",
          "grid:UUID": "a123e4567-e89b-12d3"
        },
        "vpc_id": "\${aws_vpc.VPC_B9E5F0B4.id}"
      },
      "VPC_PublicSubnet2_E52FD57B": {
        "availability_zone": "\${element(data.aws_availability_zones.AvailabilityZones.names, 1)}",
        "cidr_block": "10.0.64.0/18",
        "map_public_ip_on_launch": true,
        "tags": {
          "Name": "MyStack/VPC/PublicSubnet2",
          "aws-cdk:subnet-name": "Public",
          "aws-cdk:subnet-type": "Public",
          "grid:EnvironmentName": "Test",
          "grid:UUID": "a123e4567-e89b-12d3"
        },
        "vpc_id": "\${aws_vpc.VPC_B9E5F0B4.id}"
      }
    },
    "aws_vpc": {
      "VPC_B9E5F0B4": {
        "cidr_block": "10.0.0.0/16",
        "enable_dns_hostnames": true,
        "enable_dns_support": true,
        "instance_tenancy": "default",
        "tags": {
          "Name": "MyStack/VPC",
          "grid:EnvironmentName": "Test",
          "grid:UUID": "a123e4567-e89b-12d3"
        }
      }
    },
    "aws_vpc_security_group_ingress_rule": {
      "Instance_SecurityGroup_fromMyStackProxyProxySecurityGroup7CCC817AIndirectPort_E5659C5A": {
        "description": "Allow connections to the database Instance from the Proxy",
        "from_port": "\${aws_db_instance.Instance_C1063A87.port}",
        "ip_protocol": "tcp",
        "referenced_security_group_id": "\${aws_security_group.Proxy_ProxySecurityGroup_C42FC3CE.id}",
        "security_group_id": "\${aws_security_group.Instance_SecurityGroup_B4E5FA83.id}",
        "tags": {
          "Name": "Test-Instance",
          "grid:EnvironmentName": "Test",
          "grid:UUID": "a123e4567-e89b-12d3"
        },
        "to_port": "\${aws_db_instance.Instance_C1063A87.port}"
      }
    }
  },
  "terraform": {
    "backend": {
      "http": {
        "address": "http://localhost:3000"
      }
    },
    "required_providers": {
      "aws": {
        "source": "hashicorp/aws",
        "version": "6.52.0"
      }
    }
  }
}"
`;
