// Jest Snapshot v1, https://goo.gl/fbAQLP

exports[`MultiNodeJobDefinition Should synth and match SnapShot 1`] = `
"{
  "data": {
    "aws_caller_identity": {
      "CallerIdentity": {
        "provider": "aws"
      }
    },
    "aws_iam_policy_document": {
      "MultinodeContainer1_ExecutionRole_AssumeRolePolicy_E6A15F98": {
        "statement": [
          {
            "actions": [
              "sts:AssumeRole"
            ],
            "effect": "Allow",
            "principals": [
              {
                "identifiers": [
                  "\${data.aws_service_principal.aws_svcp_default_region_ecs-tasks.name}"
                ],
                "type": "Service"
              }
            ]
          }
        ]
      },
      "MultinodeContainer1_ExecutionRole_DefaultPolicy_66CA2F2F": {
        "statement": [
          {
            "actions": [
              "logs:CreateLogStream",
              "logs:PutLogEvents"
            ],
            "effect": "Allow",
            "resources": [
              "arn:\${data.aws_partition.Partitition.partition}:logs:\${data.aws_region.Region.name}:\${data.aws_caller_identity.CallerIdentity.account_id}:log-group:/aws/batch/job:*"
            ]
          }
        ]
      },
      "MultinodeContainer2_ExecutionRole_AssumeRolePolicy_AAD61ED1": {
        "statement": [
          {
            "actions": [
              "sts:AssumeRole"
            ],
            "effect": "Allow",
            "principals": [
              {
                "identifiers": [
                  "\${data.aws_service_principal.aws_svcp_default_region_ecs-tasks.name}"
                ],
                "type": "Service"
              }
            ]
          }
        ]
      },
      "MultinodeContainer2_ExecutionRole_DefaultPolicy_3D79AA9D": {
        "statement": [
          {
            "actions": [
              "logs:CreateLogStream",
              "logs:PutLogEvents"
            ],
            "effect": "Allow",
            "resources": [
              "arn:\${data.aws_partition.Partitition.partition}:logs:\${data.aws_region.Region.name}:\${data.aws_caller_identity.CallerIdentity.account_id}:log-group:/aws/batch/job:*"
            ]
          }
        ]
      }
    },
    "aws_partition": {
      "Partitition": {
        "provider": "aws"
      }
    },
    "aws_region": {
      "Region": {
        "provider": "aws"
      }
    },
    "aws_service_principal": {
      "aws_svcp_default_region_ecs-tasks": {
        "service_name": "ecs-tasks"
      }
    }
  },
  "provider": {
    "aws": [
      {
      }
    ]
  },
  "resource": {
    "aws_batch_job_definition": {
      "ECSJobDefn_48425E25": {
        "name": "g-ECSJobDefn",
        "node_properties": "{\\"mainNode\\":1,\\"nodeRangeProperties\\":[{\\"targetNodes\\":\\"0:9\\",\\"container\\":{\\"image\\":\\"amazon/amazon-ecs-sample\\",\\"environment\\":[],\\"executionRoleArn\\":\\"\${aws_iam_role.MultinodeContainer1_ExecutionRole_86EECB7F.arn}\\",\\"readonlyRootFilesystem\\":false,\\"resourceRequirements\\":[{\\"type\\":\\"MEMORY\\",\\"value\\":\\"2048\\"},{\\"type\\":\\"VCPU\\",\\"value\\":\\"256\\"}],\\"instanceType\\":\\"r4.large\\"}},{\\"targetNodes\\":\\"10:14\\",\\"container\\":{\\"image\\":\\"amazon/amazon-ecs-sample\\",\\"environment\\":[],\\"executionRoleArn\\":\\"\${aws_iam_role.MultinodeContainer2_ExecutionRole_6E61A821.arn}\\",\\"readonlyRootFilesystem\\":false,\\"resourceRequirements\\":[{\\"type\\":\\"MEMORY\\",\\"value\\":\\"4096\\"},{\\"type\\":\\"VCPU\\",\\"value\\":\\"512\\"}],\\"instanceType\\":\\"r4.large\\"}}],\\"numNodes\\":15}",
        "platform_capabilities": [
          "EC2"
        ],
        "propagate_tags": true,
        "retry_strategy": {
        },
        "tags": {
          "Name": "Default-ECSJobDefn",
          "grid:EnvironmentName": "Default",
          "grid:UUID": "g"
        },
        "type": "multinode"
      }
    },
    "aws_iam_role": {
      "MultinodeContainer1_ExecutionRole_86EECB7F": {
        "assume_role_policy": "\${data.aws_iam_policy_document.MultinodeContainer1_ExecutionRole_AssumeRolePolicy_E6A15F98.json}",
        "name_prefix": "g-MultinodeContainer1ExecutionRole",
        "tags": {
          "Name": "Default-ExecutionRole",
          "grid:EnvironmentName": "Default",
          "grid:UUID": "g"
        }
      },
      "MultinodeContainer2_ExecutionRole_6E61A821": {
        "assume_role_policy": "\${data.aws_iam_policy_document.MultinodeContainer2_ExecutionRole_AssumeRolePolicy_AAD61ED1.json}",
        "name_prefix": "g-MultinodeContainer2ExecutionRole",
        "tags": {
          "Name": "Default-ExecutionRole",
          "grid:EnvironmentName": "Default",
          "grid:UUID": "g"
        }
      }
    },
    "aws_iam_role_policy": {
      "MultinodeContainer1_ExecutionRole_DefaultPolicy_ResourceRoles0_994B03BD": {
        "name": "MultinodeContainer1ExecutionRoleDefaultPolicy2C282F2D",
        "policy": "\${data.aws_iam_policy_document.MultinodeContainer1_ExecutionRole_DefaultPolicy_66CA2F2F.json}",
        "role": "\${aws_iam_role.MultinodeContainer1_ExecutionRole_86EECB7F.name}"
      },
      "MultinodeContainer2_ExecutionRole_DefaultPolicy_ResourceRoles0_6109E934": {
        "name": "MultinodeContainer2ExecutionRoleDefaultPolicy0B24D51D",
        "policy": "\${data.aws_iam_policy_document.MultinodeContainer2_ExecutionRole_DefaultPolicy_3D79AA9D.json}",
        "role": "\${aws_iam_role.MultinodeContainer2_ExecutionRole_6E61A821.name}"
      }
    }
  },
  "terraform": {
    "backend": {
      "http": {
        "address": "http://localhost:3000"
      }
    },
    "required_providers": {
      "aws": {
        "source": "hashicorp/aws",
        "version": "6.52.0"
      }
    }
  }
}"
`;
