// Jest Snapshot v1, https://goo.gl/fbAQLP

exports[`amis synth BottleRocketImage synth matches snapshot 1`] = `
"{
  "data": {
    "aws_caller_identity": {
      "CallerIdentity": {
        "provider": "aws"
      }
    },
    "aws_partition": {
      "Partitition": {
        "provider": "aws"
      }
    },
    "aws_region": {
      "Region": {
        "provider": "aws"
      }
    },
    "aws_ssm_parameter": {
      "SsmParameterValue--aws--service--bottlerocket--aws-ecs-1--x86_64--latest--image_idC96584B6-F00A-464E-AD19-53AFF4B05118Parameter": {
        "name": "/aws/service/bottlerocket/aws-ecs-1/x86_64/latest/image_id"
      }
    }
  },
  "provider": {
    "aws": [
      {
      }
    ]
  },
  "terraform": {
    "backend": {
      "http": {
        "address": "http://localhost:3000"
      }
    },
    "required_providers": {
      "aws": {
        "source": "hashicorp/aws",
        "version": "6.52.0"
      }
    }
  }
}"
`;
