// Jest Snapshot v1, https://goo.gl/fbAQLP

exports[`DatabaseInstance check that instantiation works 1`] = `
"{
  "data": {
    "aws_caller_identity": {
      "CallerIdentity": {
        "provider": "aws"
      }
    },
    "aws_partition": {
      "Partitition": {
        "provider": "aws"
      }
    }
  },
  "provider": {
    "aws": [
      {
        "region": "us-east-1"
      }
    ]
  },
  "resource": {
    "aws_neptune_cluster_instance": {
      "Instance_C1063A87": {
        "cluster_identifier": "test-cluster",
        "identifier": "mystackinstancec8b5f353",
        "instance_class": "db.r5.large",
        "tags": {
          "Name": "Test-Instance",
          "grid:EnvironmentName": "Test",
          "grid:UUID": "a123e4567-e89b-12d3"
        }
      }
    }
  },
  "terraform": {
    "backend": {
      "http": {
        "address": "http://localhost:3000"
      }
    },
    "required_providers": {
      "aws": {
        "source": "hashicorp/aws",
        "version": "6.52.0"
      }
    }
  }
}"
`;
