// Jest Snapshot v1, https://goo.gl/fbAQLP

exports[`AutoScalingGroup (cfn-init.test.ts base fixture) Should synth and match SnapShot 1`] = `
"{
  "data": {
    "aws_availability_zones": {
      "AvailabilityZones": {
        "provider": "aws"
      }
    },
    "aws_caller_identity": {
      "CallerIdentity": {
        "provider": "aws"
      }
    },
    "aws_iam_policy_document": {
      "Asg_InstanceRole_AssumeRolePolicy_123CBB2C": {
        "statement": [
          {
            "actions": [
              "sts:AssumeRole"
            ],
            "effect": "Allow",
            "principals": [
              {
                "identifiers": [
                  "\${data.aws_service_principal.aws_svcp_default_region_ec2.name}"
                ],
                "type": "Service"
              }
            ]
          }
        ]
      }
    },
    "aws_partition": {
      "Partitition": {
        "provider": "aws"
      }
    },
    "aws_region": {
      "Region": {
        "provider": "aws"
      }
    },
    "aws_service_principal": {
      "aws_svcp_default_region_ec2": {
        "service_name": "ec2"
      }
    },
    "aws_ssm_parameter": {
      "SsmParameterValue--aws--service--ami-amazon-linux-latest--amzn-ami-hvm-x86_64-gp2C96584B6-F00A-464E-AD19-53AFF4B05118Parameter": {
        "name": "/aws/service/ami-amazon-linux-latest/amzn-ami-hvm-x86_64-gp2"
      }
    },
    "cloudinit_config": {
      "Asg_LaunchTemplate_UserData_9A24EC5A": {
        "base64_encode": true,
        "gzip": true,
        "part": [
          {
            "content": "#!/bin/bash"
          }
        ]
      }
    }
  },
  "provider": {
    "aws": [
      {
      }
    ]
  },
  "resource": {
    "aws_autoscaling_group": {
      "Asg_15E31095": {
        "desired_capacity": 5,
        "launch_template": {
          "id": "\${aws_launch_template.Asg_LaunchTemplate_6027899F.id}",
          "version": "\${aws_launch_template.Asg_LaunchTemplate_6027899F.latest_version}"
        },
        "max_size": 5,
        "min_size": 2,
        "name_prefix": "g-Asg",
        "vpc_zone_identifier": [
          "\${aws_subnet.Vpc_PrivateSubnet1_F6513F49.id}",
          "\${aws_subnet.Vpc_PrivateSubnet2_53755717.id}",
          "\${aws_subnet.Vpc_PrivateSubnet3_FD86EE1D.id}"
        ]
      }
    },
    "aws_eip": {
      "Vpc_PublicSubnet1_EIP_D7E02669": {
        "domain": "vpc",
        "tags": {
          "Name": "Default/Vpc/PublicSubnet1",
          "grid:EnvironmentName": "Default",
          "grid:UUID": "g"
        }
      },
      "Vpc_PublicSubnet2_EIP_3C605A87": {
        "domain": "vpc",
        "tags": {
          "Name": "Default/Vpc/PublicSubnet2",
          "grid:EnvironmentName": "Default",
          "grid:UUID": "g"
        }
      },
      "Vpc_PublicSubnet3_EIP_3A666A23": {
        "domain": "vpc",
        "tags": {
          "Name": "Default/Vpc/PublicSubnet3",
          "grid:EnvironmentName": "Default",
          "grid:UUID": "g"
        }
      }
    },
    "aws_iam_instance_profile": {
      "Asg_LaunchTemplate_Profile_E5FD9207": {
        "role": "\${aws_iam_role.Asg_InstanceRole_7946982D.name}",
        "tags": {
          "Name": "Default/Asg/LaunchTemplate",
          "grid:EnvironmentName": "Default",
          "grid:UUID": "g"
        }
      }
    },
    "aws_iam_role": {
      "Asg_InstanceRole_7946982D": {
        "assume_role_policy": "\${data.aws_iam_policy_document.Asg_InstanceRole_AssumeRolePolicy_123CBB2C.json}",
        "name_prefix": "g-AsgInstanceRole",
        "tags": {
          "Name": "Default/Asg",
          "grid:EnvironmentName": "Default",
          "grid:UUID": "g"
        }
      }
    },
    "aws_internet_gateway": {
      "Vpc_IGW_D7BA715C": {
        "tags": {
          "Name": "Default/Vpc",
          "grid:EnvironmentName": "Default",
          "grid:UUID": "g"
        }
      }
    },
    "aws_internet_gateway_attachment": {
      "Vpc_VPCGW_BF912B6E": {
        "internet_gateway_id": "\${aws_internet_gateway.Vpc_IGW_D7BA715C.id}",
        "vpc_id": "\${aws_vpc.Vpc_8378EB38.id}"
      }
    },
    "aws_launch_template": {
      "Asg_LaunchTemplate_6027899F": {
        "depends_on": [
          "data.aws_iam_policy_document.Asg_InstanceRole_AssumeRolePolicy_123CBB2C",
          "aws_iam_role.Asg_InstanceRole_7946982D"
        ],
        "iam_instance_profile": {
          "arn": "\${aws_iam_instance_profile.Asg_LaunchTemplate_Profile_E5FD9207.arn}"
        },
        "image_id": "\${data.aws_ssm_parameter.SsmParameterValue--aws--service--ami-amazon-linux-latest--amzn-ami-hvm-x86_64-gp2C96584B6-F00A-464E-AD19-53AFF4B05118Parameter.insecure_value}",
        "instance_type": "m4.micro",
        "tag_specifications": [
          {
            "resource_type": "instance",
            "tags": {
              "Name": "Default/Asg/LaunchTemplate"
            }
          },
          {
            "resource_type": "volume",
            "tags": {
              "Name": "Default/Asg/LaunchTemplate"
            }
          }
        ],
        "tags": {
          "Name": "Default/Asg/LaunchTemplate",
          "grid:EnvironmentName": "Default",
          "grid:UUID": "g"
        },
        "user_data": "\${data.cloudinit_config.Asg_LaunchTemplate_UserData_9A24EC5A.rendered}",
        "vpc_security_group_ids": [
          "\${aws_security_group.Asg_InstanceSecurityGroup_C53F1492.id}"
        ]
      }
    },
    "aws_nat_gateway": {
      "Vpc_PublicSubnet1_NATGateway_4D7517AA": {
        "allocation_id": "\${aws_eip.Vpc_PublicSubnet1_EIP_D7E02669.allocation_id}",
        "depends_on": [
          "aws_route_table_association.Vpc_PublicSubnet1_RouteTableAssociation_97140677",
          "aws_route.Vpc_PublicSubnet1_DefaultRoute_3DA9E72A"
        ],
        "subnet_id": "\${aws_subnet.Vpc_PublicSubnet1_89B05C91.id}",
        "tags": {
          "Name": "Default/Vpc/PublicSubnet1",
          "grid:EnvironmentName": "Default",
          "grid:UUID": "g"
        }
      },
      "Vpc_PublicSubnet2_NATGateway_9182C01D": {
        "allocation_id": "\${aws_eip.Vpc_PublicSubnet2_EIP_3C605A87.allocation_id}",
        "depends_on": [
          "aws_route_table_association.Vpc_PublicSubnet2_RouteTableAssociation_DD5762D8",
          "aws_route.Vpc_PublicSubnet2_DefaultRoute_97F91067"
        ],
        "subnet_id": "\${aws_subnet.Vpc_PublicSubnet2_F07C676D.id}",
        "tags": {
          "Name": "Default/Vpc/PublicSubnet2",
          "grid:EnvironmentName": "Default",
          "grid:UUID": "g"
        }
      },
      "Vpc_PublicSubnet3_NATGateway_7640CD1D": {
        "allocation_id": "\${aws_eip.Vpc_PublicSubnet3_EIP_3A666A23.allocation_id}",
        "depends_on": [
          "aws_route_table_association.Vpc_PublicSubnet3_RouteTableAssociation_1F1EDF02",
          "aws_route.Vpc_PublicSubnet3_DefaultRoute_4697774F"
        ],
        "subnet_id": "\${aws_subnet.Vpc_PublicSubnet3_18B4CDCB.id}",
        "tags": {
          "Name": "Default/Vpc/PublicSubnet3",
          "grid:EnvironmentName": "Default",
          "grid:UUID": "g"
        }
      }
    },
    "aws_route": {
      "Vpc_PrivateSubnet1_DefaultRoute_BE02A9ED": {
        "destination_cidr_block": "0.0.0.0/0",
        "nat_gateway_id": "\${aws_nat_gateway.Vpc_PublicSubnet1_NATGateway_4D7517AA.id}",
        "route_table_id": "\${aws_route_table.Vpc_PrivateSubnet1_RouteTable_B2C5B500.id}"
      },
      "Vpc_PrivateSubnet2_DefaultRoute_060D2087": {
        "destination_cidr_block": "0.0.0.0/0",
        "nat_gateway_id": "\${aws_nat_gateway.Vpc_PublicSubnet2_NATGateway_9182C01D.id}",
        "route_table_id": "\${aws_route_table.Vpc_PrivateSubnet2_RouteTable_A678073B.id}"
      },
      "Vpc_PrivateSubnet3_DefaultRoute_94B74F0D": {
        "destination_cidr_block": "0.0.0.0/0",
        "nat_gateway_id": "\${aws_nat_gateway.Vpc_PublicSubnet3_NATGateway_7640CD1D.id}",
        "route_table_id": "\${aws_route_table.Vpc_PrivateSubnet3_RouteTable_D98824C7.id}"
      },
      "Vpc_PublicSubnet1_DefaultRoute_3DA9E72A": {
        "depends_on": [
          "aws_internet_gateway_attachment.Vpc_VPCGW_BF912B6E"
        ],
        "destination_cidr_block": "0.0.0.0/0",
        "gateway_id": "\${aws_internet_gateway.Vpc_IGW_D7BA715C.id}",
        "route_table_id": "\${aws_route_table.Vpc_PublicSubnet1_RouteTable_6C95E38E.id}"
      },
      "Vpc_PublicSubnet2_DefaultRoute_97F91067": {
        "depends_on": [
          "aws_internet_gateway_attachment.Vpc_VPCGW_BF912B6E"
        ],
        "destination_cidr_block": "0.0.0.0/0",
        "gateway_id": "\${aws_internet_gateway.Vpc_IGW_D7BA715C.id}",
        "route_table_id": "\${aws_route_table.Vpc_PublicSubnet2_RouteTable_94F7E489.id}"
      },
      "Vpc_PublicSubnet3_DefaultRoute_4697774F": {
        "depends_on": [
          "aws_internet_gateway_attachment.Vpc_VPCGW_BF912B6E"
        ],
        "destination_cidr_block": "0.0.0.0/0",
        "gateway_id": "\${aws_internet_gateway.Vpc_IGW_D7BA715C.id}",
        "route_table_id": "\${aws_route_table.Vpc_PublicSubnet3_RouteTable_93458DBB.id}"
      }
    },
    "aws_route_table": {
      "Vpc_PrivateSubnet1_RouteTable_B2C5B500": {
        "tags": {
          "Name": "Default/Vpc/PrivateSubnet1",
          "grid:EnvironmentName": "Default",
          "grid:UUID": "g"
        },
        "vpc_id": "\${aws_vpc.Vpc_8378EB38.id}"
      },
      "Vpc_PrivateSubnet2_RouteTable_A678073B": {
        "tags": {
          "Name": "Default/Vpc/PrivateSubnet2",
          "grid:EnvironmentName": "Default",
          "grid:UUID": "g"
        },
        "vpc_id": "\${aws_vpc.Vpc_8378EB38.id}"
      },
      "Vpc_PrivateSubnet3_RouteTable_D98824C7": {
        "tags": {
          "Name": "Default/Vpc/PrivateSubnet3",
          "grid:EnvironmentName": "Default",
          "grid:UUID": "g"
        },
        "vpc_id": "\${aws_vpc.Vpc_8378EB38.id}"
      },
      "Vpc_PublicSubnet1_RouteTable_6C95E38E": {
        "tags": {
          "Name": "Default/Vpc/PublicSubnet1",
          "grid:EnvironmentName": "Default",
          "grid:UUID": "g"
        },
        "vpc_id": "\${aws_vpc.Vpc_8378EB38.id}"
      },
      "Vpc_PublicSubnet2_RouteTable_94F7E489": {
        "tags": {
          "Name": "Default/Vpc/PublicSubnet2",
          "grid:EnvironmentName": "Default",
          "grid:UUID": "g"
        },
        "vpc_id": "\${aws_vpc.Vpc_8378EB38.id}"
      },
      "Vpc_PublicSubnet3_RouteTable_93458DBB": {
        "tags": {
          "Name": "Default/Vpc/PublicSubnet3",
          "grid:EnvironmentName": "Default",
          "grid:UUID": "g"
        },
        "vpc_id": "\${aws_vpc.Vpc_8378EB38.id}"
      }
    },
    "aws_route_table_association": {
      "Vpc_PrivateSubnet1_RouteTableAssociation_70C59FA6": {
        "route_table_id": "\${aws_route_table.Vpc_PrivateSubnet1_RouteTable_B2C5B500.id}",
        "subnet_id": "\${aws_subnet.Vpc_PrivateSubnet1_F6513F49.id}"
      },
      "Vpc_PrivateSubnet2_RouteTableAssociation_A89CAD56": {
        "route_table_id": "\${aws_route_table.Vpc_PrivateSubnet2_RouteTable_A678073B.id}",
        "subnet_id": "\${aws_subnet.Vpc_PrivateSubnet2_53755717.id}"
      },
      "Vpc_PrivateSubnet3_RouteTableAssociation_16BDDC43": {
        "route_table_id": "\${aws_route_table.Vpc_PrivateSubnet3_RouteTable_D98824C7.id}",
        "subnet_id": "\${aws_subnet.Vpc_PrivateSubnet3_FD86EE1D.id}"
      },
      "Vpc_PublicSubnet1_RouteTableAssociation_97140677": {
        "route_table_id": "\${aws_route_table.Vpc_PublicSubnet1_RouteTable_6C95E38E.id}",
        "subnet_id": "\${aws_subnet.Vpc_PublicSubnet1_89B05C91.id}"
      },
      "Vpc_PublicSubnet2_RouteTableAssociation_DD5762D8": {
        "route_table_id": "\${aws_route_table.Vpc_PublicSubnet2_RouteTable_94F7E489.id}",
        "subnet_id": "\${aws_subnet.Vpc_PublicSubnet2_F07C676D.id}"
      },
      "Vpc_PublicSubnet3_RouteTableAssociation_1F1EDF02": {
        "route_table_id": "\${aws_route_table.Vpc_PublicSubnet3_RouteTable_93458DBB.id}",
        "subnet_id": "\${aws_subnet.Vpc_PublicSubnet3_18B4CDCB.id}"
      }
    },
    "aws_security_group": {
      "Asg_InstanceSecurityGroup_C53F1492": {
        "description": "Default/Asg/InstanceSecurityGroup",
        "egress": [
          {
            "cidr_blocks": [
              "0.0.0.0/0"
            ],
            "description": "Allow all outbound traffic by default",
            "from_port": 0,
            "ipv6_cidr_blocks": null,
            "prefix_list_ids": null,
            "protocol": "-1",
            "security_groups": null,
            "self": null,
            "to_port": 0
          }
        ],
        "name": "gAsgInstanceSecurityGroup1B32F2E8",
        "tags": {
          "Name": "Default/Asg",
          "grid:EnvironmentName": "Default",
          "grid:UUID": "g"
        },
        "vpc_id": "\${aws_vpc.Vpc_8378EB38.id}"
      }
    },
    "aws_subnet": {
      "Vpc_PrivateSubnet1_F6513F49": {
        "availability_zone": "\${element(data.aws_availability_zones.AvailabilityZones.names, 0)}",
        "cidr_block": "10.0.96.0/19",
        "map_public_ip_on_launch": false,
        "tags": {
          "Name": "Default/Vpc/PrivateSubnet1",
          "aws-cdk:subnet-name": "Private",
          "aws-cdk:subnet-type": "Private",
          "grid:EnvironmentName": "Default",
          "grid:UUID": "g"
        },
        "vpc_id": "\${aws_vpc.Vpc_8378EB38.id}"
      },
      "Vpc_PrivateSubnet2_53755717": {
        "availability_zone": "\${element(data.aws_availability_zones.AvailabilityZones.names, 1)}",
        "cidr_block": "10.0.128.0/19",
        "map_public_ip_on_launch": false,
        "tags": {
          "Name": "Default/Vpc/PrivateSubnet2",
          "aws-cdk:subnet-name": "Private",
          "aws-cdk:subnet-type": "Private",
          "grid:EnvironmentName": "Default",
          "grid:UUID": "g"
        },
        "vpc_id": "\${aws_vpc.Vpc_8378EB38.id}"
      },
      "Vpc_PrivateSubnet3_FD86EE1D": {
        "availability_zone": "\${element(data.aws_availability_zones.AvailabilityZones.names, 2)}",
        "cidr_block": "10.0.160.0/19",
        "map_public_ip_on_launch": false,
        "tags": {
          "Name": "Default/Vpc/PrivateSubnet3",
          "aws-cdk:subnet-name": "Private",
          "aws-cdk:subnet-type": "Private",
          "grid:EnvironmentName": "Default",
          "grid:UUID": "g"
        },
        "vpc_id": "\${aws_vpc.Vpc_8378EB38.id}"
      },
      "Vpc_PublicSubnet1_89B05C91": {
        "availability_zone": "\${element(data.aws_availability_zones.AvailabilityZones.names, 0)}",
        "cidr_block": "10.0.0.0/19",
        "map_public_ip_on_launch": true,
        "tags": {
          "Name": "Default/Vpc/PublicSubnet1",
          "aws-cdk:subnet-name": "Public",
          "aws-cdk:subnet-type": "Public",
          "grid:EnvironmentName": "Default",
          "grid:UUID": "g"
        },
        "vpc_id": "\${aws_vpc.Vpc_8378EB38.id}"
      },
      "Vpc_PublicSubnet2_F07C676D": {
        "availability_zone": "\${element(data.aws_availability_zones.AvailabilityZones.names, 1)}",
        "cidr_block": "10.0.32.0/19",
        "map_public_ip_on_launch": true,
        "tags": {
          "Name": "Default/Vpc/PublicSubnet2",
          "aws-cdk:subnet-name": "Public",
          "aws-cdk:subnet-type": "Public",
          "grid:EnvironmentName": "Default",
          "grid:UUID": "g"
        },
        "vpc_id": "\${aws_vpc.Vpc_8378EB38.id}"
      },
      "Vpc_PublicSubnet3_18B4CDCB": {
        "availability_zone": "\${element(data.aws_availability_zones.AvailabilityZones.names, 2)}",
        "cidr_block": "10.0.64.0/19",
        "map_public_ip_on_launch": true,
        "tags": {
          "Name": "Default/Vpc/PublicSubnet3",
          "aws-cdk:subnet-name": "Public",
          "aws-cdk:subnet-type": "Public",
          "grid:EnvironmentName": "Default",
          "grid:UUID": "g"
        },
        "vpc_id": "\${aws_vpc.Vpc_8378EB38.id}"
      }
    },
    "aws_vpc": {
      "Vpc_8378EB38": {
        "cidr_block": "10.0.0.0/16",
        "enable_dns_hostnames": true,
        "enable_dns_support": true,
        "instance_tenancy": "default",
        "tags": {
          "Name": "Default/Vpc",
          "grid:EnvironmentName": "Default",
          "grid:UUID": "g"
        }
      }
    }
  },
  "terraform": {
    "backend": {
      "local": {
        "path": "/Users/vincentsmet/tcons/base-autoscaling/terraform.Default.tfstate"
      }
    },
    "required_providers": {
      "aws": {
        "source": "hashicorp/aws",
        "version": "6.52.0"
      }
    }
  }
}"
`;
